// Jest Snapshot v1, https://goo.gl/fbAQLP

exports[`extracts nothing if the module has no exports 1`] = `
Object {
  "hybrids": Array [],
  "length": 0,
  "terms": Array [],
  "types": Array [],
}
`;

exports[`extracts nothing if the module is empty 1`] = `
Object {
  "hybrids": Array [],
  "length": 0,
  "terms": Array [],
  "types": Array [],
}
`;
