// Jest Snapshot v1, https://goo.gl/fbAQLP

exports[`extracts doc from interface 1`] = `
Object {
  "hybrids": Array [],
  "length": 1,
  "terms": Array [],
  "types": Array [
    Object {
      "jsDoc": null,
      "kind": "interface",
      "languageLevel": "type",
      "name": "A",
      "properties": Array [
        Object {
          "jsDoc": null,
          "name": "foo",
          "type": Object {
            "isPrimitive": true,
            "name": "string",
          },
        },
        Object {
          "jsDoc": null,
          "name": "bar",
          "type": Object {
            "isPrimitive": true,
            "name": "string",
          },
        },
      ],
      "sourceLocation": Object {
        "fileLine": 1,
        "filePath": "/test.ts",
      },
      "text": "export interface A {
  foo: string;
  bar: string;
}",
    },
  ],
}
`;
