// Jest Snapshot v1, https://goo.gl/fbAQLP

exports[`extracts doc from type aliases 1`] = `
Object {
  "hybrids": Array [],
  "length": 2,
  "terms": Array [],
  "types": Array [
    Object {
      "jsDoc": null,
      "kind": "typeAlias",
      "languageLevel": "type",
      "name": "Foo",
      "properties": Array [],
      "sourceLocation": Object {
        "fileLine": 1,
        "filePath": "/test.ts",
      },
      "text": "export type Foo = {};",
      "textWithJSDoc": "export type Foo = {};",
    },
    Object {
      "jsDoc": Object {
        "additional": Array [],
        "primary": Object {
          "source": "boo",
        },
      },
      "kind": "typeAlias",
      "languageLevel": "type",
      "name": "Bar",
      "properties": Array [
        Object {
          "jsDoc": Object {
            "additional": Array [
              Object {
                "source": "Doc about a 2",
              },
            ],
            "primary": Object {
              "source": "Doc about a 1",
            },
          },
          "name": "a",
          "type": Object {
            "isPrimitive": true,
            "name": "string",
          },
        },
        Object {
          "jsDoc": Object {
            "additional": Array [],
            "primary": Object {
              "source": "Doc about b",
            },
          },
          "name": "b",
          "type": Object {
            "isPrimitive": true,
            "name": "number",
          },
        },
      ],
      "sourceLocation": Object {
        "fileLine": 6,
        "filePath": "/test.ts",
      },
      "text": "export type Bar = {
  /**
   * Doc about a 2
   */
  /**
   * Doc about a 1
   */
  a: string;
  /**
   * Doc about b
   */
  b: number;
};",
      "textWithJSDoc": "/**
 * boo
 */
export type Bar = {
  /**
   * Doc about a 2
   */
  /**
   * Doc about a 1
   */
  a: string;
  /**
   * Doc about b
   */
  b: number;
};",
    },
  ],
}
`;
